k0 v1020
k1 v6351
k10 v70410
k11 v75111
k12 v36712
k13 v40013
k14 v39714
k15 v17015
k16 v71916
k17 v73417
k18 v58718
k19 v49419
k2 v8032
k20 v52320
k21 v95421
k22 v43322
k23 v82023
k24 v28324
k25 v83725
k26 v20526
k27 v41527
k28 v54528
k29 v58329
k3 v9253
k30 v5230
k31 v32331
k32 v61432
k33 v67933
k34 v80534
k35 v45135
k36 v11536
k37 v26937
k38 v21838
k39 v61739
k4 v7754
k40 v87840
k41 v34541
k42 v51242
k43 v96943
k44 v40844
k45 v29145
k46 v85846
k47 v95347
k48 v71048
k49 v14249
k5 v5375
k50 v68250
k51 v93451
k52 v62152
k53 v96553
k54 v57454
k55 v20455
k56 v29856
k57 v13457
k58 v98358
k59 v44459
k6 v5926
k60 v14460
k61 v15261
k62 v18762
k63 v21563
k64 v864
k65 v69765
k66 v65166
k67 v28067
k68 v70168
k69 v53769
k7 v4147
k70 v41370
k71 v6971
k72 v8672
k73 v82273
k74 v67074
k75 v37075
k76 v80676
k77 v68877
k78 v2678
k79 v6679
k8 v5908
k80 v80280
k81 v17181
k82 v55782
k83 v84783
k84 v77784
k85 v73085
k86 v98786
k87 v11587
k88 v64688
k89 v49689
k9 v3029
k90 v12090
k91 v68491
k92 v37492
k93 v6593
k94 v37094
k95 v17495
k96 v82896
k97 v86797
k98 v75998
k99 v70399
