VAL
[0][k5][5]
[0][k6][6]
[0][k7][7]
[0][k8][8]
INCREMENT
[0][1]
[0][1]
[0][1]
[0][1]
VAL
[0][k5][8]
[0][k6][18]
[0][k7][-4]
[0][k8][-7]
DECREMENT
[0][1]
[0][0]
[0][1]
[0][0]
VAL
[0][k5][6]
[0][k6][18]
[0][k7][-84]
[0][k8][-7]
INCREMENT
[0][6]
[0][7]
[0][8]
[0][9]
[0][10]
[0][11]
[0][12]
[0][13]
[0][14]
VAL
[0][k5][15]
