TYPE DATE
DUMP_TABLE_BEGIN
0000-00-00 s0000-00-00 0000-00-00
2011-01-01 s2011-01-01 2011-01-01
9999-12-31 s9999-12-31 9999-12-31
DUMP_TABLE_END
PK[0000-00-00] 0000-00-00 s0000-00-00 0000-00-00
I1[s0000-00-00] 0000-00-00 s0000-00-00 0000-00-00
I2[0000-00-00, s0000-00-00] 0000-00-00 s0000-00-00 0000-00-00
I2p[0000-00-00] 0000-00-00 s0000-00-00 0000-00-00
PK[2011-01-01] 2011-01-01 s2011-01-01 2011-01-01
I1[s2011-01-01] 2011-01-01 s2011-01-01 2011-01-01
I2[2011-01-01, s2011-01-01] 2011-01-01 s2011-01-01 2011-01-01
I2p[2011-01-01] 2011-01-01 s2011-01-01 2011-01-01
PK[9999-12-31] 9999-12-31 s9999-12-31 9999-12-31
I1[s9999-12-31] 9999-12-31 s9999-12-31 9999-12-31
I2[9999-12-31, s9999-12-31] 9999-12-31 s9999-12-31 9999-12-31
I2p[9999-12-31] 9999-12-31 s9999-12-31 9999-12-31

TYPE DATETIME
DUMP_TABLE_BEGIN
0000-00-00 00:00:00 s0 0000-00-00 00:00:00
2011-01-01 18:30:25 s2011-01-01 18:30:25 2011-01-01 18:30:25
DUMP_TABLE_END
PK[0] 0000-00-00 00:00:00 s0 0000-00-00 00:00:00
I1[s0] 0000-00-00 00:00:00 s0 0000-00-00 00:00:00
I2[0, s0] 0000-00-00 00:00:00 s0 0000-00-00 00:00:00
I2p[0] 0000-00-00 00:00:00 s0 0000-00-00 00:00:00
PK[2011-01-01 18:30:25] 2011-01-01 18:30:25 s2011-01-01 18:30:25 2011-01-01 18:30:25
I1[s2011-01-01 18:30:25] 2011-01-01 18:30:25 s2011-01-01 18:30:25 2011-01-01 18:30:25
I2[2011-01-01 18:30:25, s2011-01-01 18:30:25] 2011-01-01 18:30:25 s2011-01-01 18:30:25 2011-01-01 18:30:25
I2p[2011-01-01 18:30:25] 2011-01-01 18:30:25 s2011-01-01 18:30:25 2011-01-01 18:30:25

TYPE TIME
DUMP_TABLE_BEGIN
00:00:00 s0 00:00:00
18:30:25 s18:30:25 18:30:25
DUMP_TABLE_END
PK[0] 00:00:00 s0 00:00:00
I1[s0] 00:00:00 s0 00:00:00
I2[0, s0] 00:00:00 s0 00:00:00
I2p[0] 00:00:00 s0 00:00:00
PK[18:30:25] 18:30:25 s18:30:25 18:30:25
I1[s18:30:25] 18:30:25 s18:30:25 18:30:25
I2[18:30:25, s18:30:25] 18:30:25 s18:30:25 18:30:25
I2p[18:30:25] 18:30:25 s18:30:25 18:30:25

TYPE YEAR(4)
DUMP_TABLE_BEGIN
1901 s1901 1901
2011 s2011 2011
2155 s2155 2155
DUMP_TABLE_END
PK[1901] 1901 s1901 1901
I1[s1901] 1901 s1901 1901
I2[1901, s1901] 1901 s1901 1901
I2p[1901] 1901 s1901 1901
PK[2011] 2011 s2011 2011
I1[s2011] 2011 s2011 2011
I2[2011, s2011] 2011 s2011 2011
I2p[2011] 2011 s2011 2011
PK[2155] 2155 s2155 2155
I1[s2155] 2155 s2155 2155
I2[2155, s2155] 2155 s2155 2155
I2p[2155] 2155 s2155 2155

