HSINSERT
1 v1hs_0
2 v1hs_1
3 v1hs_2
4 v1hs_3
5 v1hs_4
6 v1hs_5
7 v1hs_6
8 v1hs_7
9 v1hs_8
10 v1hs_9
DUMP_TABLE
1 v1hs_0 
2 v1hs_1 
3 v1hs_2 
4 v1hs_3 
5 v1hs_4 
6 v1hs_5 
7 v1hs_6 
8 v1hs_7 
9 v1hs_8 
10 v1hs_9 
