HS
k10 v704-10 1
k30 v52-30 1
k50 v682-50 1
SQL
k10 v704-10 1
k30 v52-30 1
k50 v682-50 1
END
