HS
k10 v704-10
k30 v52-30
k40 v878-40
k50 v682-50
SQL
k10 v704-10
k30 v52-30
k40 v878-40
k50 v682-50
END
